
> react-typescript-starter@0.1.0 test
> react-scripts test "--coverage"

PASS src/HtmlCss.test.tsx
PASS src/App.test.tsx
FAIL src/text.test.tsx
  ● renders the text 'Hello World' somewhere

    TestingLibraryElementError: Found multiple elements with the text: /Hello World/

    Here are the matching elements:

    Ignored nodes: comments, <script />, <style />
    [36m<h1>[39m
      [0mHello World[0m
    [36m</h1>[39m

    Ignored nodes: comments, <script />, <style />
    [36m<button[39m
      [33mclass[39m=[32m"btn btn-primary"[39m
      [33mtype[39m=[32m"button"[39m
    [36m>[39m
      [0mLog Hello World[0m
    [36m</button>[39m

    (If this is intentional, then use the `*AllBy*` variant of the query (like `queryAllByText`, `getAllByText`, or `findAllByText`)).

    Ignored nodes: comments, <script />, <style />
    [36m<body>[39m
      [36m<div>[39m
        [36m<div[39m
          [33mclass[39m=[32m"App"[39m
        [36m>[39m
          [36m<header[39m
            [33mclass[39m=[32m"App-header"[39m
          [36m>[39m
            [0mJosh was here - CISC275[0m
          [36m</header>[39m
          [36m<h1>[39m
            [0mHello World[0m
          [36m</h1>[39m
          [36m<img[39m
            [33malt[39m=[32m"A picture of prof silber"[39m
            [33msrc[39m=[32m"assets/sadber.png"[39m
          [36m/>[39m
          [36m<ul>[39m
            [36m<p>[39m
              [0mThings I love about that picture of prof. Silber[0m
            [36m</p>[39m
            [36m<li>[39m
              [0mThe poorly drawn tear[0m
            [36m</li>[39m
            [36m<li>[39m
              [0mThe way he looks so happy[0m
            [36m</li>[39m
            [36m<li>[39m
              [0mHow closely it is cropped[0m
            [36m</li>[39m
          [36m</ul>[39m
          [36m<button[39m
            [33mclass[39m=[32m"btn btn-primary"[39m
            [33mtype[39m=[32m"button"[39m
          [36m>[39m
            [0mLog Hello World[0m
          [36m</button>[39m
        [36m</div>[39m
      [36m</div>[39m
    [36m</body>[39m

       5 | test("renders the text 'Hello World' somewhere", () => {
       6 |     render(<App />);
    >  7 |     const text = screen.getByText(/Hello World/);
         |                         ^
       8 |     expect(text).toBeInTheDocument();
       9 | });
      10 |

      at Object.getElementError (node_modules/@testing-library/dom/dist/config.js:38:19)
      at getElementError (node_modules/@testing-library/dom/dist/query-helpers.js:25:35)
      at getMultipleElementsFoundError (node_modules/@testing-library/dom/dist/query-helpers.js:29:10)
      at node_modules/@testing-library/dom/dist/query-helpers.js:66:13
      at getByText (node_modules/@testing-library/dom/dist/query-helpers.js:111:19)
      at Object.<anonymous> (src/text.test.tsx:7:25)
      at TestScheduler.scheduleTests (node_modules/@jest/core/build/TestScheduler.js:333:13)
      at runJest (node_modules/@jest/core/build/runJest.js:404:19)
      at _run10000 (node_modules/@jest/core/build/cli/index.js:320:7)
      at runCLI (node_modules/@jest/core/build/cli/index.js:173:3)

----------|---------|----------|---------|---------|-------------------
File      | % Stmts | % Branch | % Funcs | % Lines | Uncovered Line #s 
----------|---------|----------|---------|---------|-------------------
All files |     100 |      100 |     100 |     100 |                   
 App.tsx  |     100 |      100 |     100 |     100 |                   
----------|---------|----------|---------|---------|-------------------
Test Suites: 1 failed, 2 passed, 3 total
Tests:       1 failed, 8 passed, 9 total
Snapshots:   0 total
Time:        2.727 s
Ran all test suites.
